Archive member included to satisfy reference by file (symbol)

d:/programs/stm32/systemworkbench/plugins/fr.ac6.mcu.externaltools.arm-none.win32_1.17.0.201812190825/tools/compiler/bin/../lib/gcc/arm-none-eabi/7.3.1/thumb/v7e-m/fpv4-sp/hard\libgcc.a(_arm_addsubdf3.o)
                              Src/user_main.o (__aeabi_dadd)
d:/programs/stm32/systemworkbench/plugins/fr.ac6.mcu.externaltools.arm-none.win32_1.17.0.201812190825/tools/compiler/bin/../lib/gcc/arm-none-eabi/7.3.1/thumb/v7e-m/fpv4-sp/hard\libgcc.a(_arm_fixdfsi.o)
                              Src/user_main.o (__aeabi_d2iz)
d:/programs/stm32/systemworkbench/plugins/fr.ac6.mcu.externaltools.arm-none.win32_1.17.0.201812190825/tools/compiler/bin/../lib/gcc/arm-none-eabi/7.3.1/../../../../arm-none-eabi/lib/thumb/v7e-m/fpv4-sp/hard\libc_nano.a(lib_a-errno.o)
                              Src/syscalls.o (__errno)
d:/programs/stm32/systemworkbench/plugins/fr.ac6.mcu.externaltools.arm-none.win32_1.17.0.201812190825/tools/compiler/bin/../lib/gcc/arm-none-eabi/7.3.1/../../../../arm-none-eabi/lib/thumb/v7e-m/fpv4-sp/hard\libc_nano.a(lib_a-exit.o)
                              d:/programs/stm32/systemworkbench/plugins/fr.ac6.mcu.externaltools.arm-none.win32_1.17.0.201812190825/tools/compiler/bin/../lib/gcc/arm-none-eabi/7.3.1/../../../../arm-none-eabi/lib/thumb/v7e-m/fpv4-sp/hard/crt0.o (exit)
d:/programs/stm32/systemworkbench/plugins/fr.ac6.mcu.externaltools.arm-none.win32_1.17.0.201812190825/tools/compiler/bin/../lib/gcc/arm-none-eabi/7.3.1/../../../../arm-none-eabi/lib/thumb/v7e-m/fpv4-sp/hard\libc_nano.a(lib_a-impure.o)
                              d:/programs/stm32/systemworkbench/plugins/fr.ac6.mcu.externaltools.arm-none.win32_1.17.0.201812190825/tools/compiler/bin/../lib/gcc/arm-none-eabi/7.3.1/../../../../arm-none-eabi/lib/thumb/v7e-m/fpv4-sp/hard\libc_nano.a(lib_a-exit.o) (_global_impure_ptr)
d:/programs/stm32/systemworkbench/plugins/fr.ac6.mcu.externaltools.arm-none.win32_1.17.0.201812190825/tools/compiler/bin/../lib/gcc/arm-none-eabi/7.3.1/../../../../arm-none-eabi/lib/thumb/v7e-m/fpv4-sp/hard\libc_nano.a(lib_a-init.o)
                              d:/programs/stm32/systemworkbench/plugins/fr.ac6.mcu.externaltools.arm-none.win32_1.17.0.201812190825/tools/compiler/bin/../lib/gcc/arm-none-eabi/7.3.1/../../../../arm-none-eabi/lib/thumb/v7e-m/fpv4-sp/hard/crt0.o (__libc_init_array)
d:/programs/stm32/systemworkbench/plugins/fr.ac6.mcu.externaltools.arm-none.win32_1.17.0.201812190825/tools/compiler/bin/../lib/gcc/arm-none-eabi/7.3.1/../../../../arm-none-eabi/lib/thumb/v7e-m/fpv4-sp/hard\libc_nano.a(lib_a-memset.o)
                              d:/programs/stm32/systemworkbench/plugins/fr.ac6.mcu.externaltools.arm-none.win32_1.17.0.201812190825/tools/compiler/bin/../lib/gcc/arm-none-eabi/7.3.1/../../../../arm-none-eabi/lib/thumb/v7e-m/fpv4-sp/hard/crt0.o (memset)

Allocating common symbols
Common symbol       size              file

uwTick              0x4               Drivers/STM32F3xx_HAL_Driver/Src/stm32f3xx_hal.o
pFlash              0x20              Drivers/STM32F3xx_HAL_Driver/Src/stm32f3xx_hal_flash.o
htim3               0x40              Src/main.o
errorStatus         0x4               Src/CANSPI.o
ctrlStatus          0x4               Src/CANSPI.o
hspi1               0x64              Src/main.o
idReg               0x4               Src/CANSPI.o

Discarded input sections

 .text          0x00000000        0x0 d:/programs/stm32/systemworkbench/plugins/fr.ac6.mcu.externaltools.arm-none.win32_1.17.0.201812190825/tools/compiler/bin/../lib/gcc/arm-none-eabi/7.3.1/thumb/v7e-m/fpv4-sp/hard/crti.o
 .data          0x00000000        0x0 d:/programs/stm32/systemworkbench/plugins/fr.ac6.mcu.externaltools.arm-none.win32_1.17.0.201812190825/tools/compiler/bin/../lib/gcc/arm-none-eabi/7.3.1/thumb/v7e-m/fpv4-sp/hard/crti.o
 .bss           0x00000000        0x0 d:/programs/stm32/systemworkbench/plugins/fr.ac6.mcu.externaltools.arm-none.win32_1.17.0.201812190825/tools/compiler/bin/../lib/gcc/arm-none-eabi/7.3.1/thumb/v7e-m/fpv4-sp/hard/crti.o
 .data          0x00000000        0x4 d:/programs/stm32/systemworkbench/plugins/fr.ac6.mcu.externaltools.arm-none.win32_1.17.0.201812190825/tools/compiler/bin/../lib/gcc/arm-none-eabi/7.3.1/thumb/v7e-m/fpv4-sp/hard/crtbegin.o
 .text          0x00000000       0x74 d:/programs/stm32/systemworkbench/plugins/fr.ac6.mcu.externaltools.arm-none.win32_1.17.0.201812190825/tools/compiler/bin/../lib/gcc/arm-none-eabi/7.3.1/../../../../arm-none-eabi/lib/thumb/v7e-m/fpv4-sp/hard/crt0.o
 .data          0x00000000        0x0 d:/programs/stm32/systemworkbench/plugins/fr.ac6.mcu.externaltools.arm-none.win32_1.17.0.201812190825/tools/compiler/bin/../lib/gcc/arm-none-eabi/7.3.1/../../../../arm-none-eabi/lib/thumb/v7e-m/fpv4-sp/hard/crt0.o
[...]
Memory Configuration

Name             Origin             Length             Attributes
RAM              0x20000000         0x0000a000         xrw
CCMRAM           0x10000000         0x00002000         rw
FLASH            0x08000000         0x00040000         xr
*default*        0x00000000         0xffffffff

Linker script and memory map

LOAD d:/programs/stm32/systemworkbench/plugins/fr.ac6.mcu.externaltools.arm-none.win32_1.17.0.201812190825/tools/compiler/bin/../lib/gcc/arm-none-eabi/7.3.1/thumb/v7e-m/fpv4-sp/hard/crti.o
LOAD d:/programs/stm32/systemworkbench/plugins/fr.ac6.mcu.externaltools.arm-none.win32_1.17.0.201812190825/tools/compiler/bin/../lib/gcc/arm-none-eabi/7.3.1/thumb/v7e-m/fpv4-sp/hard/crtbegin.o
LOAD d:/programs/stm32/systemworkbench/plugins/fr.ac6.mcu.externaltools.arm-none.win32_1.17.0.201812190825/tools/compiler/bin/../lib/gcc/arm-none-eabi/7.3.1/../../../../arm-none-eabi/lib/thumb/v7e-m/fpv4-sp/hard/crt0.o
LOAD Drivers/STM32F3xx_HAL_Driver/Src/stm32f3xx_hal.o
LOAD Drivers/STM32F3xx_HAL_Driver/Src/stm32f3xx_hal_cortex.o
LOAD Drivers/STM32F3xx_HAL_Driver/Src/stm32f3xx_hal_dma.o
LOAD Drivers/STM32F3xx_HAL_Driver/Src/stm32f3xx_hal_flash.o
LOAD Drivers/STM32F3xx_HAL_Driver/Src/stm32f3xx_hal_flash_ex.o
LOAD Drivers/STM32F3xx_HAL_Driver/Src/stm32f3xx_hal_gpio.o
LOAD Drivers/STM32F3xx_HAL_Driver/Src/stm32f3xx_hal_i2c.o
LOAD Drivers/STM32F3xx_HAL_Driver/Src/stm32f3xx_hal_i2c_ex.o
LOAD Drivers/STM32F3xx_HAL_Driver/Src/stm32f3xx_hal_pwr.o
LOAD Drivers/STM32F3xx_HAL_Driver/Src/stm32f3xx_hal_pwr_ex.o
LOAD Drivers/STM32F3xx_HAL_Driver/Src/stm32f3xx_hal_rcc.o
LOAD Drivers/STM32F3xx_HAL_Driver/Src/stm32f3xx_hal_rcc_ex.o
LOAD Drivers/STM32F3xx_HAL_Driver/Src/stm32f3xx_hal_spi.o
LOAD Drivers/STM32F3xx_HAL_Driver/Src/stm32f3xx_hal_spi_ex.o
LOAD Drivers/STM32F3xx_HAL_Driver/Src/stm32f3xx_hal_tim.o
LOAD Drivers/STM32F3xx_HAL_Driver/Src/stm32f3xx_hal_tim_ex.o
LOAD Src/CANSPI.o
LOAD Src/MCP2515.o
LOAD Src/main.o
LOAD Src/stm32f3xx_hal_msp.o
LOAD Src/stm32f3xx_it.o
LOAD Src/syscalls.o
LOAD Src/system_stm32f3xx.o
LOAD Src/user_main.o
LOAD startup/startup_stm32f303xc.o
LOAD d:/programs/stm32/systemworkbench/plugins/fr.ac6.mcu.externaltools.arm-none.win32_1.17.0.201812190825/tools/compiler/bin/../lib/gcc/arm-none-eabi/7.3.1/../../../../arm-none-eabi/lib/thumb/v7e-m/fpv4-sp/hard\libstdc++_nano.a
LOAD d:/programs/stm32/systemworkbench/plugins/fr.ac6.mcu.externaltools.arm-none.win32_1.17.0.201812190825/tools/compiler/bin/../lib/gcc/arm-none-eabi/7.3.1/../../../../arm-none-eabi/lib/thumb/v7e-m/fpv4-sp/hard\libm.a
START GROUP
LOAD d:/programs/stm32/systemworkbench/plugins/fr.ac6.mcu.externaltools.arm-none.win32_1.17.0.201812190825/tools/compiler/bin/../lib/gcc/arm-none-eabi/7.3.1/thumb/v7e-m/fpv4-sp/hard\libgcc.a
LOAD d:/programs/stm32/systemworkbench/plugins/fr.ac6.mcu.externaltools.arm-none.win32_1.17.0.201812190825/tools/compiler/bin/../lib/gcc/arm-none-eabi/7.3.1/../../../../arm-none-eabi/lib/thumb/v7e-m/fpv4-sp/hard\libc_nano.a
END GROUP
START GROUP
LOAD d:/programs/stm32/systemworkbench/plugins/fr.ac6.mcu.externaltools.arm-none.win32_1.17.0.201812190825/tools/compiler/bin/../lib/gcc/arm-none-eabi/7.3.1/thumb/v7e-m/fpv4-sp/hard\libgcc.a
LOAD d:/programs/stm32/systemworkbench/plugins/fr.ac6.mcu.externaltools.arm-none.win32_1.17.0.201812190825/tools/compiler/bin/../lib/gcc/arm-none-eabi/7.3.1/../../../../arm-none-eabi/lib/thumb/v7e-m/fpv4-sp/hard\libc_nano.a
LOAD d:/programs/stm32/systemworkbench/plugins/fr.ac6.mcu.externaltools.arm-none.win32_1.17.0.201812190825/tools/compiler/bin/../lib/gcc/arm-none-eabi/7.3.1/../../../../arm-none-eabi/lib/thumb/v7e-m/fpv4-sp/hard\libnosys.a
END GROUP
START GROUP
LOAD d:/programs/stm32/systemworkbench/plugins/fr.ac6.mcu.externaltools.arm-none.win32_1.17.0.201812190825/tools/compiler/bin/../lib/gcc/arm-none-eabi/7.3.1/thumb/v7e-m/fpv4-sp/hard\libgcc.a
LOAD d:/programs/stm32/systemworkbench/plugins/fr.ac6.mcu.externaltools.arm-none.win32_1.17.0.201812190825/tools/compiler/bin/../lib/gcc/arm-none-eabi/7.3.1/../../../../arm-none-eabi/lib/thumb/v7e-m/fpv4-sp/hard\libc_nano.a
LOAD d:/programs/stm32/systemworkbench/plugins/fr.ac6.mcu.externaltools.arm-none.win32_1.17.0.201812190825/tools/compiler/bin/../lib/gcc/arm-none-eabi/7.3.1/../../../../arm-none-eabi/lib/thumb/v7e-m/fpv4-sp/hard\libnosys.a
END GROUP
LOAD d:/programs/stm32/systemworkbench/plugins/fr.ac6.mcu.externaltools.arm-none.win32_1.17.0.201812190825/tools/compiler/bin/../lib/gcc/arm-none-eabi/7.3.1/thumb/v7e-m/fpv4-sp/hard/crtend.o
LOAD d:/programs/stm32/systemworkbench/plugins/fr.ac6.mcu.externaltools.arm-none.win32_1.17.0.201812190825/tools/compiler/bin/../lib/gcc/arm-none-eabi/7.3.1/thumb/v7e-m/fpv4-sp/hard/crtn.o
                0x2000a000                _estack = 0x2000a000
                0x00000200                _Min_Heap_Size = 0x200
                0x00000400                _Min_Stack_Size = 0x400

.isr_vector     0x08000000      0x188
                0x08000000                . = ALIGN (0x4)
 *(.isr_vector)
 .isr_vector    0x08000000      0x188 startup/startup_stm32f303xc.o
                0x08000000                g_pfnVectors
                0x08000188                . = ALIGN (0x4)

.text           0x08000188     0x27a0
                0x08000188                . = ALIGN (0x4)
 *(.text)
 .text          0x08000188       0x40 d:/programs/stm32/systemworkbench/plugins/fr.ac6.mcu.externaltools.arm-none.win32_1.17.0.201812190825/tools/compiler/bin/../lib/gcc/arm-none-eabi/7.3.1/thumb/v7e-m/fpv4-sp/hard/crtbegin.o
 .text          0x080001c8      0x378 d:/programs/stm32/systemworkbench/plugins/fr.ac6.mcu.externaltools.arm-none.win32_1.17.0.201812190825/tools/compiler/bin/../lib/gcc/arm-none-eabi/7.3.1/thumb/v7e-m/fpv4-sp/hard\libgcc.a(_arm_addsubdf3.o)
                0x080001c8                __aeabi_drsub
                0x080001d0                __aeabi_dsub
                0x080001d0                __subdf3
                0x080001d4                __aeabi_dadd
                0x080001d4                __adddf3
                0x0800044c                __floatunsidf
                0x0800044c                __aeabi_ui2d
                0x0800046c                __floatsidf
                0x0800046c                __aeabi_i2d
                0x08000490                __aeabi_f2d
                0x08000490                __extendsfdf2
                0x080004d4                __floatundidf
                0x080004d4                __aeabi_ul2d
                0x080004e4                __floatdidf
                0x080004e4                __aeabi_l2d
 .text          0x08000540       0x50 d:/programs/stm32/systemworkbench/plugins/fr.ac6.mcu.externaltools.arm-none.win32_1.17.0.201812190825/tools/compiler/bin/../lib/gcc/arm-none-eabi/7.3.1/thumb/v7e-m/fpv4-sp/hard\libgcc.a(_arm_fixdfsi.o)
                0x08000540                __aeabi_d2iz
                0x08000540                __fixdfsi
 *(.text*)
 .text.HAL_InitTick
                0x08000590       0x48 Drivers/STM32F3xx_HAL_Driver/Src/stm32f3xx_hal.o
                0x08000590                HAL_InitTick
 .text.HAL_Init
                0x080005d8       0x24 Drivers/STM32F3xx_HAL_Driver/Src/stm32f3xx_hal.o
                0x080005d8                HAL_Init
 .text.HAL_IncTick
                0x080005fc       0x18 Drivers/STM32F3xx_HAL_Driver/Src/stm32f3xx_hal.o
                0x080005fc                HAL_IncTick
 .text.HAL_GetTick
                0x08000614        0xc Drivers/STM32F3xx_HAL_Driver/Src/stm32f3xx_hal.o
                0x08000614                HAL_GetTick
 .text.HAL_Delay
                0x08000620       0x28 Drivers/STM32F3xx_HAL_Driver/Src/stm32f3xx_hal.o
                0x08000620                HAL_Delay
 .text.HAL_NVIC_SetPriorityGrouping
                0x08000648       0x24 Drivers/STM32F3xx_HAL_Driver/Src/stm32f3xx_hal_cortex.o
                0x08000648                HAL_NVIC_SetPriorityGrouping
 .text.HAL_NVIC_SetPriority
                0x0800066c       0x68 Drivers/STM32F3xx_HAL_Driver/Src/stm32f3xx_hal_cortex.o
                0x0800066c                HAL_NVIC_SetPriority
 .text.HAL_NVIC_EnableIRQ
                0x080006d4       0x18 Drivers/STM32F3xx_HAL_Driver/Src/stm32f3xx_hal_cortex.o
                0x080006d4                HAL_NVIC_EnableIRQ
 .text.HAL_SYSTICK_Config
                0x080006ec       0x2c Drivers/STM32F3xx_HAL_Driver/Src/stm32f3xx_hal_cortex.o
                0x080006ec                HAL_SYSTICK_Config
 .text.HAL_GPIO_Init
                0x08000718      0x194 Drivers/STM32F3xx_HAL_Driver/Src/stm32f3xx_hal_gpio.o
                0x08000718                HAL_GPIO_Init
 .text.HAL_GPIO_WritePin
                0x080008ac        0xa Drivers/STM32F3xx_HAL_Driver/Src/stm32f3xx_hal_gpio.o
                0x080008ac                HAL_GPIO_WritePin
 *fill*         0x080008b6        0x2 
 .text.HAL_RCC_OscConfig
                0x080008b8      0x618 Drivers/STM32F3xx_HAL_Driver/Src/stm32f3xx_hal_rcc.o
                0x080008b8                HAL_RCC_OscConfig
 .text.HAL_RCC_GetSysClockFreq
                0x08000ed0       0x70 Drivers/STM32F3xx_HAL_Driver/Src/stm32f3xx_hal_rcc.o
                0x08000ed0                HAL_RCC_GetSysClockFreq
 .text.HAL_RCC_ClockConfig
                0x08000f40      0x1a0 Drivers/STM32F3xx_HAL_Driver/Src/stm32f3xx_hal_rcc.o
                0x08000f40                HAL_RCC_ClockConfig
 .text.SPI_WaitFlagStateUntilTimeout
                0x080010e0       0x92 Drivers/STM32F3xx_HAL_Driver/Src/stm32f3xx_hal_spi.o
 .text.SPI_WaitFifoStateUntilTimeout
                0x08001172       0xa4 Drivers/STM32F3xx_HAL_Driver/Src/stm32f3xx_hal_spi.o
 .text.SPI_EndRxTxTransaction
                0x08001216       0x66 Drivers/STM32F3xx_HAL_Driver/Src/stm32f3xx_hal_spi.o
 .text.SPI_EndRxTransaction
                0x0800127c       0x88 Drivers/STM32F3xx_HAL_Driver/Src/stm32f3xx_hal_spi.o
 .text.HAL_SPI_Init
                0x08001304       0xba Drivers/STM32F3xx_HAL_Driver/Src/stm32f3xx_hal_spi.o
                0x08001304                HAL_SPI_Init
 .text.HAL_SPI_Transmit
                0x080013be      0x1c2 Drivers/STM32F3xx_HAL_Driver/Src/stm32f3xx_hal_spi.o
                0x080013be                HAL_SPI_Transmit
 .text.HAL_SPI_TransmitReceive
                0x08001580      0x2b4 Drivers/STM32F3xx_HAL_Driver/Src/stm32f3xx_hal_spi.o
                0x08001580                HAL_SPI_TransmitReceive
 .text.HAL_SPI_Receive
                0x08001834      0x188 Drivers/STM32F3xx_HAL_Driver/Src/stm32f3xx_hal_spi.o
                0x08001834                HAL_SPI_Receive
 .text.HAL_SPI_GetState
                0x080019bc        0x6 Drivers/STM32F3xx_HAL_Driver/Src/stm32f3xx_hal_spi.o
                0x080019bc                HAL_SPI_GetState
 .text.TIM_TI1_ConfigInputStage
                0x080019c2       0x26 Drivers/STM32F3xx_HAL_Driver/Src/stm32f3xx_hal_tim.o
 .text.TIM_TI2_ConfigInputStage
                0x080019e8       0x28 Drivers/STM32F3xx_HAL_Driver/Src/stm32f3xx_hal_tim.o
 .text.TIM_ITRx_SetConfig
                0x08001a10       0x10 Drivers/STM32F3xx_HAL_Driver/Src/stm32f3xx_hal_tim.o
 .text.HAL_TIM_Base_Start_IT
                0x08001a20       0x18 Drivers/STM32F3xx_HAL_Driver/Src/stm32f3xx_hal_tim.o
                0x08001a20                HAL_TIM_Base_Start_IT
 .text.HAL_TIM_PeriodElapsedCallback
                0x08001a38        0x2 Drivers/STM32F3xx_HAL_Driver/Src/stm32f3xx_hal_tim.o
                0x08001a38                HAL_TIM_PeriodElapsedCallback
 .text.HAL_TIM_OC_DelayElapsedCallback
                0x08001a3a        0x2 Drivers/STM32F3xx_HAL_Driver/Src/stm32f3xx_hal_tim.o
                0x08001a3a                HAL_TIM_OC_DelayElapsedCallback
 .text.HAL_TIM_IC_CaptureCallback
                0x08001a3c        0x2 Drivers/STM32F3xx_HAL_Driver/Src/stm32f3xx_hal_tim.o
                0x08001a3c                HAL_TIM_IC_CaptureCallback
 .text.HAL_TIM_PWM_PulseFinishedCallback
                0x08001a3e        0x2 Drivers/STM32F3xx_HAL_Driver/Src/stm32f3xx_hal_tim.o
                0x08001a3e                HAL_TIM_PWM_PulseFinishedCallback
 .text.HAL_TIM_TriggerCallback
                0x08001a40        0x2 Drivers/STM32F3xx_HAL_Driver/Src/stm32f3xx_hal_tim.o
                0x08001a40                HAL_TIM_TriggerCallback
 .text.HAL_TIM_IRQHandler
                0x08001a42      0x19a Drivers/STM32F3xx_HAL_Driver/Src/stm32f3xx_hal_tim.o
                0x08001a42                HAL_TIM_IRQHandler
 .text.TIM_Base_SetConfig
                0x08001bdc       0xb8 Drivers/STM32F3xx_HAL_Driver/Src/stm32f3xx_hal_tim.o
                0x08001bdc                TIM_Base_SetConfig
 .text.HAL_TIM_Base_Init
                0x08001c94       0x32 Drivers/STM32F3xx_HAL_Driver/Src/stm32f3xx_hal_tim.o
                0x08001c94                HAL_TIM_Base_Init
 .text.TIM_ETR_SetConfig
                0x08001cc6       0x18 Drivers/STM32F3xx_HAL_Driver/Src/stm32f3xx_hal_tim.o
                0x08001cc6                TIM_ETR_SetConfig
 *fill*         0x08001cde        0x2 
 .text.HAL_TIM_ConfigClockSource
                0x08001ce0      0x118 Drivers/STM32F3xx_HAL_Driver/Src/stm32f3xx_hal_tim.o
                0x08001ce0                HAL_TIM_ConfigClockSource
 .text.HAL_TIMEx_MasterConfigSynchronization
                0x08001df8       0x58 Drivers/STM32F3xx_HAL_Driver/Src/stm32f3xx_hal_tim_ex.o
                0x08001df8                HAL_TIMEx_MasterConfigSynchronization
 .text.HAL_TIMEx_CommutationCallback
                0x08001e50        0x2 Drivers/STM32F3xx_HAL_Driver/Src/stm32f3xx_hal_tim_ex.o
                0x08001e50                HAL_TIMEx_CommutationCallback
 .text.HAL_TIMEx_BreakCallback
                0x08001e52        0x2 Drivers/STM32F3xx_HAL_Driver/Src/stm32f3xx_hal_tim_ex.o
                0x08001e52                HAL_TIMEx_BreakCallback
 .text.HAL_TIMEx_Break2Callback
                0x08001e54        0x2 Drivers/STM32F3xx_HAL_Driver/Src/stm32f3xx_hal_tim_ex.o
                0x08001e54                HAL_TIMEx_Break2Callback
 .text.convertReg2ExtendedCANid
                0x08001e56       0x1e Src/CANSPI.o
 .text.convertReg2StandardCANid
                0x08001e74        0x8 Src/CANSPI.o
 .text.CANSPI_Initialize
                0x08001e7c      0x128 Src/CANSPI.o
                0x08001e7c                CANSPI_Initialize
 .text.CANSPI_Receive
                0x08001fa4       0xac Src/CANSPI.o
                0x08001fa4                CANSPI_Receive
 .text.SPI_Tx   0x08002050       0x20 Src/MCP2515.o
 .text.SPI_TxBuffer
                0x08002070       0x14 Src/MCP2515.o
 .text.SPI_Rx   0x08002084       0x20 Src/MCP2515.o
 .text.SPI_RxBuffer
                0x080020a4       0x14 Src/MCP2515.o
 .text.MCP2515_Initialize
                0x080020b8       0x30 Src/MCP2515.o
                0x080020b8                MCP2515_Initialize
 .text.MCP2515_ReadByte
                0x080020e8       0x32 Src/MCP2515.o
                0x080020e8                MCP2515_ReadByte
 .text.MCP2515_ReadRxSequence
                0x0800211a       0x30 Src/MCP2515.o
                0x0800211a                MCP2515_ReadRxSequence
 .text.MCP2515_WriteByte
                0x0800214a       0x3e Src/MCP2515.o
                0x0800214a                MCP2515_WriteByte
 .text.MCP2515_SetConfigMode
                0x08002188       0x30 Src/MCP2515.o
                0x08002188                MCP2515_SetConfigMode
 .text.MCP2515_SetNormalMode
                0x080021b8       0x28 Src/MCP2515.o
                0x080021b8                MCP2515_SetNormalMode
 .text.MCP2515_WriteByteSequence
                0x080021e0       0x3c Src/MCP2515.o
                0x080021e0                MCP2515_WriteByteSequence
 .text.MCP2515_GetRxStatus
                0x0800221c       0x2a Src/MCP2515.o
                0x0800221c                MCP2515_GetRxStatus
 *fill*         0x08002246        0x2 
 .text.MX_GPIO_Init
                0x08002248      0x104 Src/main.o
 .text.MX_SPI1_Init
                0x0800234c       0x44 Src/main.o
 .text.MX_TIM3_Init
                0x08002390       0x58 Src/main.o
 .text.SystemClock_Config
                0x080023e8       0x44 Src/main.o
                0x080023e8                SystemClock_Config
 .text.main     0x0800242c       0x2c Src/main.o
                0x0800242c                main
 .text.HAL_MspInit
                0x08002458       0x30 Src/stm32f3xx_hal_msp.o
                0x08002458                HAL_MspInit
 .text.HAL_SPI_MspInit
                0x08002488       0x68 Src/stm32f3xx_hal_msp.o
                0x08002488                HAL_SPI_MspInit
 .text.HAL_TIM_Base_MspInit
                0x080024f0       0x40 Src/stm32f3xx_hal_msp.o
                0x080024f0                HAL_TIM_Base_MspInit
 .text.NMI_Handler
                0x08002530        0x2 Src/stm32f3xx_it.o
                0x08002530                NMI_Handler
 .text.HardFault_Handler
                0x08002532        0x2 Src/stm32f3xx_it.o
                0x08002532                HardFault_Handler
 .text.MemManage_Handler
                0x08002534        0x2 Src/stm32f3xx_it.o
                0x08002534                MemManage_Handler
 .text.BusFault_Handler
                0x08002536        0x2 Src/stm32f3xx_it.o
                0x08002536                BusFault_Handler
 .text.UsageFault_Handler
                0x08002538        0x2 Src/stm32f3xx_it.o
                0x08002538                UsageFault_Handler
 .text.SVC_Handler
                0x0800253a        0x2 Src/stm32f3xx_it.o
                0x0800253a                SVC_Handler
 .text.DebugMon_Handler
                0x0800253c        0x2 Src/stm32f3xx_it.o
                0x0800253c                DebugMon_Handler
 .text.PendSV_Handler
                0x0800253e        0x2 Src/stm32f3xx_it.o
                0x0800253e                PendSV_Handler
 .text.SysTick_Handler
                0x08002540        0x8 Src/stm32f3xx_it.o
                0x08002540                SysTick_Handler
 .text.TIM3_IRQHandler
                0x08002548       0x14 Src/stm32f3xx_it.o
                0x08002548                TIM3_IRQHandler
 .text.SystemInit
                0x0800255c       0x68 Src/system_stm32f3xx.o
                0x0800255c                SystemInit
 .text._ZN11DataHandlerC2Ev
                0x080025c4       0x3a Src/user_main.o
                0x080025c4                DataHandler::DataHandler()
                0x080025c4                DataHandler::DataHandler()
 *fill*         0x080025fe        0x2 
 .text._Z41__static_initialization_and_destruction_0ii
                0x08002600       0x20 Src/user_main.o
 .text._ZN11DataHandler9ReadInputEv
                0x08002620       0x7c Src/user_main.o
                0x08002620                DataHandler::ReadInput()
 .text._ZN11DataHandler12GetLedStatesEv
                0x0800269c       0x24 Src/user_main.o
                0x0800269c                DataHandler::GetLedStates()
 .text._ZN11DataHandler9LightLedsEv
                0x080026c0       0x48 Src/user_main.o
                0x080026c0                DataHandler::LightLeds()
 .text.user_main
                0x08002708       0x18 Src/user_main.o
                0x08002708                user_main
 .text._Z3mapfffff
                0x08002720       0x1a Src/user_main.o
                0x08002720                map(float, float, float, float, float)
 *fill*         0x0800273a        0x2 
 .text._ZN11DataHandler8GetSpeedEv
                0x0800273c       0x3c Src/user_main.o
                0x0800273c                DataHandler::GetSpeed()
 .text._ZN11DataHandler14SetSpeedometerEv
                0x08002778       0xcc Src/user_main.o
                0x08002778                DataHandler::SetSpeedometer()
 .text.interrupt
                0x08002844       0x10 Src/user_main.o
                0x08002844                interrupt
 .text._GLOBAL__sub_I_dataHandler
                0x08002854        0xe Src/user_main.o
 *fill*         0x08002862        0x2 
 .text.Reset_Handler
                0x08002864       0x50 startup/startup_stm32f303xc.o
                0x08002864                Reset_Handler
 .text.Default_Handler
                0x080028b4        0x2 startup/startup_stm32f303xc.o
                0x080028b4                RTC_Alarm_IRQHandler
                0x080028b4                TIM8_TRG_COM_IRQHandler
                0x080028b4                TIM8_CC_IRQHandler
                0x080028b4                TIM1_CC_IRQHandler
                0x080028b4                USB_HP_IRQHandler
                0x080028b4                PVD_IRQHandler
                0x080028b4                TAMP_STAMP_IRQHandler
                0x080028b4                EXTI3_IRQHandler
                0x080028b4                USB_HP_CAN_TX_IRQHandler
                0x080028b4                EXTI0_IRQHandler
                0x080028b4                I2C2_EV_IRQHandler
                0x080028b4                FPU_IRQHandler
                0x080028b4                TIM1_UP_TIM16_IRQHandler
                0x080028b4                ADC1_2_IRQHandler
                0x080028b4                SPI1_IRQHandler
                0x080028b4                CAN_SCE_IRQHandler
                0x080028b4                TIM6_DAC_IRQHandler
                0x080028b4                TIM8_UP_IRQHandler
                0x080028b4                DMA2_Channel2_IRQHandler
                0x080028b4                DMA1_Channel4_IRQHandler
                0x080028b4                USART3_IRQHandler
                0x080028b4                DMA1_Channel7_IRQHandler
                0x080028b4                UART5_IRQHandler
                0x080028b4                ADC3_IRQHandler
                0x080028b4                TIM4_IRQHandler
                0x080028b4                CAN_RX1_IRQHandler
                0x080028b4                DMA2_Channel1_IRQHandler
                0x080028b4                I2C1_EV_IRQHandler
                0x080028b4                DMA1_Channel6_IRQHandler
                0x080028b4                UART4_IRQHandler
                0x080028b4                DMA2_Channel4_IRQHandler
                0x080028b4                RCC_IRQHandler
                0x080028b4                DMA1_Channel1_IRQHandler
                0x080028b4                Default_Handler
                0x080028b4                USBWakeUp_RMP_IRQHandler
                0x080028b4                EXTI15_10_IRQHandler
                0x080028b4                TIM7_IRQHandler
                0x080028b4                EXTI9_5_IRQHandler
                0x080028b4                RTC_WKUP_IRQHandler
                0x080028b4                SPI2_IRQHandler
                0x080028b4                USB_LP_CAN_RX0_IRQHandler
                0x080028b4                DMA2_Channel5_IRQHandler
                0x080028b4                DMA1_Channel5_IRQHandler
                0x080028b4                USB_LP_IRQHandler
                0x080028b4                EXTI4_IRQHandler
                0x080028b4                TIM1_TRG_COM_TIM17_IRQHandler
                0x080028b4                DMA1_Channel3_IRQHandler
                0x080028b4                ADC4_IRQHandler
                0x080028b4                WWDG_IRQHandler
                0x080028b4                TIM2_IRQHandler
                0x080028b4                COMP7_IRQHandler
                0x080028b4                COMP1_2_3_IRQHandler
                0x080028b4                EXTI1_IRQHandler
                0x080028b4                USART2_IRQHandler
                0x080028b4                COMP4_5_6_IRQHandler
                0x080028b4                I2C2_ER_IRQHandler
                0x080028b4                DMA1_Channel2_IRQHandler
                0x080028b4                TIM8_BRK_IRQHandler
                0x080028b4                FLASH_IRQHandler
                0x080028b4                USART1_IRQHandler
                0x080028b4                SPI3_IRQHandler
                0x080028b4                I2C1_ER_IRQHandler
                0x080028b4                USBWakeUp_IRQHandler
                0x080028b4                DMA2_Channel3_IRQHandler
                0x080028b4                EXTI2_TSC_IRQHandler
                0x080028b4                TIM1_BRK_TIM15_IRQHandler
 *fill*         0x080028b6        0x2 
 .text.__libc_init_array
                0x080028b8       0x48 d:/programs/stm32/systemworkbench/plugins/fr.ac6.mcu.externaltools.arm-none.win32_1.17.0.201812190825/tools/compiler/bin/../lib/gcc/arm-none-eabi/7.3.1/../../../../arm-none-eabi/lib/thumb/v7e-m/fpv4-sp/hard\libc_nano.a(lib_a-init.o)
                0x080028b8                __libc_init_array
 .text.memset   0x08002900       0x10 d:/programs/stm32/systemworkbench/plugins/fr.ac6.mcu.externaltools.arm-none.win32_1.17.0.201812190825/tools/compiler/bin/../lib/gcc/arm-none-eabi/7.3.1/../../../../arm-none-eabi/lib/thumb/v7e-m/fpv4-sp/hard\libc_nano.a(lib_a-memset.o)
                0x08002900                memset
 *(.glue_7)
 .glue_7        0x08002910        0x0 linker stubs
 *(.glue_7t)
 .glue_7t       0x08002910        0x0 linker stubs
 *(.eh_frame)
 .eh_frame      0x08002910        0x0 d:/programs/stm32/systemworkbench/plugins/fr.ac6.mcu.externaltools.arm-none.win32_1.17.0.201812190825/tools/compiler/bin/../lib/gcc/arm-none-eabi/7.3.1/thumb/v7e-m/fpv4-sp/hard/crtbegin.o
 *(.init)
 .init          0x08002910        0x4 d:/programs/stm32/systemworkbench/plugins/fr.ac6.mcu.externaltools.arm-none.win32_1.17.0.201812190825/tools/compiler/bin/../lib/gcc/arm-none-eabi/7.3.1/thumb/v7e-m/fpv4-sp/hard/crti.o
                0x08002910                _init
 .init          0x08002914        0x8 d:/programs/stm32/systemworkbench/plugins/fr.ac6.mcu.externaltools.arm-none.win32_1.17.0.201812190825/tools/compiler/bin/../lib/gcc/arm-none-eabi/7.3.1/thumb/v7e-m/fpv4-sp/hard/crtn.o
 *(.fini)
 .fini          0x0800291c        0x4 d:/programs/stm32/systemworkbench/plugins/fr.ac6.mcu.externaltools.arm-none.win32_1.17.0.201812190825/tools/compiler/bin/../lib/gcc/arm-none-eabi/7.3.1/thumb/v7e-m/fpv4-sp/hard/crti.o
                0x0800291c                _fini
 .fini          0x08002920        0x8 d:/programs/stm32/systemworkbench/plugins/fr.ac6.mcu.externaltools.arm-none.win32_1.17.0.201812190825/tools/compiler/bin/../lib/gcc/arm-none-eabi/7.3.1/thumb/v7e-m/fpv4-sp/hard/crtn.o
                0x08002928                . = ALIGN (0x4)
                0x08002928                _etext = .

.vfp11_veneer   0x08002928        0x0
 .vfp11_veneer  0x08002928        0x0 linker stubs

.v4_bx          0x08002928        0x0
 .v4_bx         0x08002928        0x0 linker stubs

.iplt           0x08002928        0x0
 .iplt          0x08002928        0x0 d:/programs/stm32/systemworkbench/plugins/fr.ac6.mcu.externaltools.arm-none.win32_1.17.0.201812190825/tools/compiler/bin/../lib/gcc/arm-none-eabi/7.3.1/thumb/v7e-m/fpv4-sp/hard/crtbegin.o

.rodata         0x08002928       0x38
                0x08002928                . = ALIGN (0x4)
 *(.rodata)
 .rodata        0x08002928       0x20 Drivers/STM32F3xx_HAL_Driver/Src/stm32f3xx_hal_rcc.o
                0x08002928                aPLLMULFactorTable
                0x08002938                aPredivFactorTable
 .rodata        0x08002948       0x18 Src/system_stm32f3xx.o
                0x08002948                AHBPrescTable
                0x08002958                APBPrescTable
 *(.rodata*)
                0x08002960                . = ALIGN (0x4)

.rel.dyn        0x08002960        0x0
 .rel.iplt      0x08002960        0x0 d:/programs/stm32/systemworkbench/plugins/fr.ac6.mcu.externaltools.arm-none.win32_1.17.0.201812190825/tools/compiler/bin/../lib/gcc/arm-none-eabi/7.3.1/thumb/v7e-m/fpv4-sp/hard/crtbegin.o

.ARM.extab
 *(.ARM.extab* .gnu.linkonce.armextab.*)

.ARM            0x08002960        0x0
                0x08002960                __exidx_start = .
 *(.ARM.exidx*)
                0x08002960                __exidx_end = .

.preinit_array  0x08002960        0x0
                0x08002960                PROVIDE (__preinit_array_start = .)
 *(.preinit_array*)
                0x08002960                PROVIDE (__preinit_array_end = .)

.init_array     0x08002960        0x8
                0x08002960                PROVIDE (__init_array_start = .)
 *(SORT_BY_NAME(.init_array.*))
 *(.init_array*)
 .init_array    0x08002960        0x4 d:/programs/stm32/systemworkbench/plugins/fr.ac6.mcu.externaltools.arm-none.win32_1.17.0.201812190825/tools/compiler/bin/../lib/gcc/arm-none-eabi/7.3.1/thumb/v7e-m/fpv4-sp/hard/crtbegin.o
 .init_array    0x08002964        0x4 Src/user_main.o
                0x08002968                PROVIDE (__init_array_end = .)

.fini_array     0x08002968        0x4
                [!provide]                PROVIDE (__fini_array_start = .)
 *(SORT_BY_NAME(.fini_array.*))
 *(.fini_array*)
 .fini_array    0x08002968        0x4 d:/programs/stm32/systemworkbench/plugins/fr.ac6.mcu.externaltools.arm-none.win32_1.17.0.201812190825/tools/compiler/bin/../lib/gcc/arm-none-eabi/7.3.1/thumb/v7e-m/fpv4-sp/hard/crtbegin.o
                [!provide]                PROVIDE (__fini_array_end = .)
                0x0800296c                _sidata = LOADADDR (.data)

.data           0x20000000        0xc load address 0x0800296c
                0x20000000                . = ALIGN (0x4)
                0x20000000                _sdata = .
 *(.data)
 .data          0x20000000        0x8 Drivers/STM32F3xx_HAL_Driver/Src/stm32f3xx_hal.o
                0x20000000                uwTickFreq
                0x20000004                uwTickPrio
 .data          0x20000008        0x4 Src/system_stm32f3xx.o
                0x20000008                SystemCoreClock
 *(.data*)
                0x2000000c                . = ALIGN (0x4)
                0x2000000c                _edata = .
                0x08002978                _siccmram = LOADADDR (.ccmram)

.igot.plt       0x2000000c        0x0 load address 0x08002978
 .igot.plt      0x2000000c        0x0 d:/programs/stm32/systemworkbench/plugins/fr.ac6.mcu.externaltools.arm-none.win32_1.17.0.201812190825/tools/compiler/bin/../lib/gcc/arm-none-eabi/7.3.1/thumb/v7e-m/fpv4-sp/hard/crtbegin.o

.ccmram         0x10000000        0x0 load address 0x08002978
                0x10000000                . = ALIGN (0x4)
                0x10000000                _sccmram = .
 *(.ccmram)
 *(.ccmram*)
                0x10000000                . = ALIGN (0x4)
                0x10000000                _eccmram = .
                0x10000000                . = ALIGN (0x4)

.bss            0x2000000c       0xfc
                0x2000000c                _sbss = .
                0x2000000c                __bss_start__ = _sbss
 *(.bss)
 .bss           0x2000000c       0x1c d:/programs/stm32/systemworkbench/plugins/fr.ac6.mcu.externaltools.arm-none.win32_1.17.0.201812190825/tools/compiler/bin/../lib/gcc/arm-none-eabi/7.3.1/thumb/v7e-m/fpv4-sp/hard/crtbegin.o
 .bss           0x20000028       0x38 Src/user_main.o
                0x20000028                dataHandler
                0x2000005c                j
 *(.bss*)
 *(COMMON)
 COMMON         0x20000060        0x4 Drivers/STM32F3xx_HAL_Driver/Src/stm32f3xx_hal.o
                0x20000060                uwTick
 COMMON         0x20000064       0xa4 Src/main.o
                0x20000064                htim3
                0x200000a4                hspi1
                0x20000108                . = ALIGN (0x4)
                0x20000108                _ebss = .
                0x20000108                __bss_end__ = _ebss

._user_heap_stack
                0x20000108      0x600
                0x20000108                . = ALIGN (0x8)
                0x20000108                PROVIDE (end = .)
                [!provide]                PROVIDE (_end = .)
                0x20000308                . = (. + _Min_Heap_Size)
 *fill*         0x20000108      0x200 
                0x20000708                . = (. + _Min_Stack_Size)
 *fill*         0x20000308      0x400 
                0x20000708                . = ALIGN (0x8)

/DISCARD/
 libc.a(*)
 libm.a(*)
 libgcc.a(*)

.ARM.attributes
                0x00000000       0x30
 *(.ARM.attributes)
 .ARM.attributes
                0x00000000       0x22 d:/programs/stm32/systemworkbench/plugins/fr.ac6.mcu.externaltools.arm-none.win32_1.17.0.201812190825/tools/compiler/bin/../lib/gcc/arm-none-eabi/7.3.1/thumb/v7e-m/fpv4-sp/hard/crti.o
 .ARM.attributes
                0x00000022       0x34 d:/programs/stm32/systemworkbench/plugins/fr.ac6.mcu.externaltools.arm-none.win32_1.17.0.201812190825/tools/compiler/bin/../lib/gcc/arm-none-eabi/7.3.1/thumb/v7e-m/fpv4-sp/hard/crtbegin.o
 .ARM.attributes
                0x00000056       0x39 Drivers/STM32F3xx_HAL_Driver/Src/stm32f3xx_hal.o
 .ARM.attributes
                0x0000008f       0x39 Drivers/STM32F3xx_HAL_Driver/Src/stm32f3xx_hal_cortex.o
 .ARM.attributes
                0x000000c8       0x39 Drivers/STM32F3xx_HAL_Driver/Src/stm32f3xx_hal_gpio.o
 .ARM.attributes
                0x00000101       0x39 Drivers/STM32F3xx_HAL_Driver/Src/stm32f3xx_hal_rcc.o
 .ARM.attributes
                0x0000013a       0x39 Drivers/STM32F3xx_HAL_Driver/Src/stm32f3xx_hal_spi.o
 .ARM.attributes
                0x00000173       0x39 Drivers/STM32F3xx_HAL_Driver/Src/stm32f3xx_hal_tim.o
 .ARM.attributes
                0x000001ac       0x39 Drivers/STM32F3xx_HAL_Driver/Src/stm32f3xx_hal_tim_ex.o
 .ARM.attributes
                0x000001e5       0x39 Src/CANSPI.o
 .ARM.attributes
                0x0000021e       0x39 Src/MCP2515.o
 .ARM.attributes
                0x00000257       0x39 Src/main.o
 .ARM.attributes
                0x00000290       0x39 Src/stm32f3xx_hal_msp.o
 .ARM.attributes
                0x000002c9       0x39 Src/stm32f3xx_it.o
 .ARM.attributes
                0x00000302       0x39 Src/system_stm32f3xx.o
 .ARM.attributes
                0x0000033b       0x39 Src/user_main.o
 .ARM.attributes
                0x00000374       0x21 startup/startup_stm32f303xc.o
 .ARM.attributes
                0x00000395       0x22 d:/programs/stm32/systemworkbench/plugins/fr.ac6.mcu.externaltools.arm-none.win32_1.17.0.201812190825/tools/compiler/bin/../lib/gcc/arm-none-eabi/7.3.1/thumb/v7e-m/fpv4-sp/hard\libgcc.a(_arm_addsubdf3.o)
 .ARM.attributes
                0x000003b7       0x22 d:/programs/stm32/systemworkbench/plugins/fr.ac6.mcu.externaltools.arm-none.win32_1.17.0.201812190825/tools/compiler/bin/../lib/gcc/arm-none-eabi/7.3.1/thumb/v7e-m/fpv4-sp/hard\libgcc.a(_arm_fixdfsi.o)
 .ARM.attributes
                0x000003d9       0x34 d:/programs/stm32/systemworkbench/plugins/fr.ac6.mcu.externaltools.arm-none.win32_1.17.0.201812190825/tools/compiler/bin/../lib/gcc/arm-none-eabi/7.3.1/../../../../arm-none-eabi/lib/thumb/v7e-m/fpv4-sp/hard\libc_nano.a(lib_a-init.o)
 .ARM.attributes
                0x0000040d       0x34 d:/programs/stm32/systemworkbench/plugins/fr.ac6.mcu.externaltools.arm-none.win32_1.17.0.201812190825/tools/compiler/bin/../lib/gcc/arm-none-eabi/7.3.1/../../../../arm-none-eabi/lib/thumb/v7e-m/fpv4-sp/hard\libc_nano.a(lib_a-memset.o)
 .ARM.attributes
                0x00000441       0x22 d:/programs/stm32/systemworkbench/plugins/fr.ac6.mcu.externaltools.arm-none.win32_1.17.0.201812190825/tools/compiler/bin/../lib/gcc/arm-none-eabi/7.3.1/thumb/v7e-m/fpv4-sp/hard/crtn.o
OUTPUT(MCU_App.elf elf32-littlearm)

.debug_info     0x00000000    0x16066
 .debug_info    0x00000000     0x10a0 Drivers/STM32F3xx_HAL_Driver/Src/stm32f3xx_hal.o
 .debug_info    0x000010a0     0x1714 Drivers/STM32F3xx_HAL_Driver/Src/stm32f3xx_hal_cortex.o
 .debug_info    0x000027b4      0xf42 Drivers/STM32F3xx_HAL_Driver/Src/stm32f3xx_hal_gpio.o
 .debug_info    0x000036f6     0x1c80 Drivers/STM32F3xx_HAL_Driver/Src/stm32f3xx_hal_rcc.o
 .debug_info    0x00005376     0x25f7 Drivers/STM32F3xx_HAL_Driver/Src/stm32f3xx_hal_spi.o
 .debug_info    0x0000796d     0x3821 Drivers/STM32F3xx_HAL_Driver/Src/stm32f3xx_hal_tim.o
 .debug_info    0x0000b18e     0x1ee5 Drivers/STM32F3xx_HAL_Driver/Src/stm32f3xx_hal_tim_ex.o
 .debug_info    0x0000d073     0x1679 Src/CANSPI.o
 .debug_info    0x0000e6ec     0x18d0 Src/MCP2515.o
 .debug_info    0x0000ffbc     0x184f Src/main.o
 .debug_info    0x0001180b     0x1651 Src/stm32f3xx_hal_msp.o
 .debug_info    0x00012e5c      0xf35 Src/stm32f3xx_it.o
 .debug_info    0x00013d91      0xc82 Src/system_stm32f3xx.o
 .debug_info    0x00014a13     0x1631 Src/user_main.o
 .debug_info    0x00016044       0x22 startup/startup_stm32f303xc.o

.debug_abbrev   0x00000000     0x28a1
 .debug_abbrev  0x00000000      0x2e1 Drivers/STM32F3xx_HAL_Driver/Src/stm32f3xx_hal.o
 .debug_abbrev  0x000002e1      0x3ba Drivers/STM32F3xx_HAL_Driver/Src/stm32f3xx_hal_cortex.o
 .debug_abbrev  0x0000069b      0x2a7 Drivers/STM32F3xx_HAL_Driver/Src/stm32f3xx_hal_gpio.o
 .debug_abbrev  0x00000942      0x365 Drivers/STM32F3xx_HAL_Driver/Src/stm32f3xx_hal_rcc.o
 .debug_abbrev  0x00000ca7      0x2e1 Drivers/STM32F3xx_HAL_Driver/Src/stm32f3xx_hal_spi.o
 .debug_abbrev  0x00000f88      0x2e0 Drivers/STM32F3xx_HAL_Driver/Src/stm32f3xx_hal_tim.o
 .debug_abbrev  0x00001268      0x2e0 Drivers/STM32F3xx_HAL_Driver/Src/stm32f3xx_hal_tim_ex.o
 .debug_abbrev  0x00001548      0x30b Src/CANSPI.o
 .debug_abbrev  0x00001853      0x2a6 Src/MCP2515.o
 .debug_abbrev  0x00001af9      0x2c8 Src/main.o
 .debug_abbrev  0x00001dc1      0x25d Src/stm32f3xx_hal_msp.o
 .debug_abbrev  0x0000201e      0x232 Src/stm32f3xx_it.o
 .debug_abbrev  0x00002250      0x21f Src/system_stm32f3xx.o
 .debug_abbrev  0x0000246f      0x420 Src/user_main.o
 .debug_abbrev  0x0000288f       0x12 startup/startup_stm32f303xc.o

.debug_loc      0x00000000     0x8c5c
 .debug_loc     0x00000000       0xfd Drivers/STM32F3xx_HAL_Driver/Src/stm32f3xx_hal.o
 .debug_loc     0x000000fd      0x5ce Drivers/STM32F3xx_HAL_Driver/Src/stm32f3xx_hal_cortex.o
 .debug_loc     0x000006cb      0x361 Drivers/STM32F3xx_HAL_Driver/Src/stm32f3xx_hal_gpio.o
 .debug_loc     0x00000a2c      0x946 Drivers/STM32F3xx_HAL_Driver/Src/stm32f3xx_hal_rcc.o
 .debug_loc     0x00001372     0x1ba1 Drivers/STM32F3xx_HAL_Driver/Src/stm32f3xx_hal_spi.o
 .debug_loc     0x00002f13     0x36ec Drivers/STM32F3xx_HAL_Driver/Src/stm32f3xx_hal_tim.o
 .debug_loc     0x000065ff     0x19b9 Drivers/STM32F3xx_HAL_Driver/Src/stm32f3xx_hal_tim_ex.o
 .debug_loc     0x00007fb8      0x3fe Src/CANSPI.o
 .debug_loc     0x000083b6      0x3f5 Src/MCP2515.o
 .debug_loc     0x000087ab       0xcf Src/stm32f3xx_hal_msp.o
 .debug_loc     0x0000887a       0xff Src/system_stm32f3xx.o
 .debug_loc     0x00008979      0x2e3 Src/user_main.o

.debug_aranges  0x00000000      0xc00
 .debug_aranges
                0x00000000       0xe0 Drivers/STM32F3xx_HAL_Driver/Src/stm32f3xx_hal.o
 .debug_aranges
                0x000000e0       0xa8 Drivers/STM32F3xx_HAL_Driver/Src/stm32f3xx_hal_cortex.o
 .debug_aranges
                0x00000188       0x58 Drivers/STM32F3xx_HAL_Driver/Src/stm32f3xx_hal_gpio.o
 .debug_aranges
                0x000001e0       0x88 Drivers/STM32F3xx_HAL_Driver/Src/stm32f3xx_hal_rcc.o
 .debug_aranges
                0x00000268      0x1d8 Drivers/STM32F3xx_HAL_Driver/Src/stm32f3xx_hal_spi.o
 .debug_aranges
                0x00000440      0x378 Drivers/STM32F3xx_HAL_Driver/Src/stm32f3xx_hal_tim.o
 .debug_aranges
                0x000007b8      0x178 Drivers/STM32F3xx_HAL_Driver/Src/stm32f3xx_hal_tim_ex.o
 .debug_aranges
                0x00000930       0x70 Src/CANSPI.o
 .debug_aranges
                0x000009a0       0xb0 Src/MCP2515.o
 .debug_aranges
                0x00000a50       0x48 Src/main.o
 .debug_aranges
                0x00000a98       0x40 Src/stm32f3xx_hal_msp.o
 .debug_aranges
                0x00000ad8       0x68 Src/stm32f3xx_it.o
 .debug_aranges
                0x00000b40       0x28 Src/system_stm32f3xx.o
 .debug_aranges
                0x00000b68       0x70 Src/user_main.o
 .debug_aranges
                0x00000bd8       0x28 startup/startup_stm32f303xc.o

.debug_ranges   0x00000000      0xbb0
 .debug_ranges  0x00000000       0xd0 Drivers/STM32F3xx_HAL_Driver/Src/stm32f3xx_hal.o
 .debug_ranges  0x000000d0       0xf8 Drivers/STM32F3xx_HAL_Driver/Src/stm32f3xx_hal_cortex.o
 .debug_ranges  0x000001c8       0x48 Drivers/STM32F3xx_HAL_Driver/Src/stm32f3xx_hal_gpio.o
 .debug_ranges  0x00000210       0x98 Drivers/STM32F3xx_HAL_Driver/Src/stm32f3xx_hal_rcc.o
 .debug_ranges  0x000002a8      0x1c8 Drivers/STM32F3xx_HAL_Driver/Src/stm32f3xx_hal_spi.o
 .debug_ranges  0x00000470      0x368 Drivers/STM32F3xx_HAL_Driver/Src/stm32f3xx_hal_tim.o
 .debug_ranges  0x000007d8      0x168 Drivers/STM32F3xx_HAL_Driver/Src/stm32f3xx_hal_tim_ex.o
 .debug_ranges  0x00000940       0x60 Src/CANSPI.o
 .debug_ranges  0x000009a0       0xa0 Src/MCP2515.o
 .debug_ranges  0x00000a40       0x38 Src/main.o
 .debug_ranges  0x00000a78       0x30 Src/stm32f3xx_hal_msp.o
 .debug_ranges  0x00000aa8       0x58 Src/stm32f3xx_it.o
 .debug_ranges  0x00000b00       0x18 Src/system_stm32f3xx.o
 .debug_ranges  0x00000b18       0x78 Src/user_main.o
 .debug_ranges  0x00000b90       0x20 startup/startup_stm32f303xc.o

.debug_macro    0x00000000    0x1d3a2
 .debug_macro   0x00000000      0x337 Drivers/STM32F3xx_HAL_Driver/Src/stm32f3xx_hal.o
 .debug_macro   0x00000337      0xa60 Drivers/STM32F3xx_HAL_Driver/Src/stm32f3xx_hal.o
 .debug_macro   0x00000d97       0xab Drivers/STM32F3xx_HAL_Driver/Src/stm32f3xx_hal.o
 .debug_macro   0x00000e42       0x2f Drivers/STM32F3xx_HAL_Driver/Src/stm32f3xx_hal.o
 .debug_macro   0x00000e71       0x28 Drivers/STM32F3xx_HAL_Driver/Src/stm32f3xx_hal.o
 .debug_macro   0x00000e99       0x22 Drivers/STM32F3xx_HAL_Driver/Src/stm32f3xx_hal.o
 .debug_macro   0x00000ebb       0x8e Drivers/STM32F3xx_HAL_Driver/Src/stm32f3xx_hal.o
 .debug_macro   0x00000f49       0x51 Drivers/STM32F3xx_HAL_Driver/Src/stm32f3xx_hal.o
 .debug_macro   0x00000f9a       0xef Drivers/STM32F3xx_HAL_Driver/Src/stm32f3xx_hal.o
 .debug_macro   0x00001089       0x6a Drivers/STM32F3xx_HAL_Driver/Src/stm32f3xx_hal.o
 .debug_macro   0x000010f3      0x1df Drivers/STM32F3xx_HAL_Driver/Src/stm32f3xx_hal.o
 .debug_macro   0x000012d2       0x35 Drivers/STM32F3xx_HAL_Driver/Src/stm32f3xx_hal.o
 .debug_macro   0x00001307       0x50 Drivers/STM32F3xx_HAL_Driver/Src/stm32f3xx_hal.o
 .debug_macro   0x00001357      0xe66 Drivers/STM32F3xx_HAL_Driver/Src/stm32f3xx_hal.o
 .debug_macro   0x000021bd    0x12a4f Drivers/STM32F3xx_HAL_Driver/Src/stm32f3xx_hal.o
 .debug_macro   0x00014c0c       0x43 Drivers/STM32F3xx_HAL_Driver/Src/stm32f3xx_hal.o
 .debug_macro   0x00014c4f       0x5e Drivers/STM32F3xx_HAL_Driver/Src/stm32f3xx_hal.o
 .debug_macro   0x00014cad       0x18 Drivers/STM32F3xx_HAL_Driver/Src/stm32f3xx_hal.o
 .debug_macro   0x00014cc5       0x35 Drivers/STM32F3xx_HAL_Driver/Src/stm32f3xx_hal.o
 .debug_macro   0x00014cfa       0x34 Drivers/STM32F3xx_HAL_Driver/Src/stm32f3xx_hal.o
 .debug_macro   0x00014d2e       0x16 Drivers/STM32F3xx_HAL_Driver/Src/stm32f3xx_hal.o
 .debug_macro   0x00014d44       0x97 Drivers/STM32F3xx_HAL_Driver/Src/stm32f3xx_hal.o
 .debug_macro   0x00014ddb      0x330 Drivers/STM32F3xx_HAL_Driver/Src/stm32f3xx_hal.o
 .debug_macro   0x0001510b       0xfd Drivers/STM32F3xx_HAL_Driver/Src/stm32f3xx_hal.o
 .debug_macro   0x00015208       0x10 Drivers/STM32F3xx_HAL_Driver/Src/stm32f3xx_hal.o
 .debug_macro   0x00015218       0x58 Drivers/STM32F3xx_HAL_Driver/Src/stm32f3xx_hal.o
 .debug_macro   0x00015270       0x1f Drivers/STM32F3xx_HAL_Driver/Src/stm32f3xx_hal.o
 .debug_macro   0x0001528f       0x43 Drivers/STM32F3xx_HAL_Driver/Src/stm32f3xx_hal.o
 .debug_macro   0x000152d2       0x20 Drivers/STM32F3xx_HAL_Driver/Src/stm32f3xx_hal.o
 .debug_macro   0x000152f2      0x18e Drivers/STM32F3xx_HAL_Driver/Src/stm32f3xx_hal.o
 .debug_macro   0x00015480       0x10 Drivers/STM32F3xx_HAL_Driver/Src/stm32f3xx_hal.o
 .debug_macro   0x00015490       0x1c Drivers/STM32F3xx_HAL_Driver/Src/stm32f3xx_hal.o
 .debug_macro   0x000154ac       0x52 Drivers/STM32F3xx_HAL_Driver/Src/stm32f3xx_hal.o
 .debug_macro   0x000154fe       0x40 Drivers/STM32F3xx_HAL_Driver/Src/stm32f3xx_hal.o
 .debug_macro   0x0001553e       0x10 Drivers/STM32F3xx_HAL_Driver/Src/stm32f3xx_hal.o
 .debug_macro   0x0001554e       0x40 Drivers/STM32F3xx_HAL_Driver/Src/stm32f3xx_hal.o
 .debug_macro   0x0001558e       0xd7 Drivers/STM32F3xx_HAL_Driver/Src/stm32f3xx_hal.o
 .debug_macro   0x00015665       0x1c Drivers/STM32F3xx_HAL_Driver/Src/stm32f3xx_hal.o
 .debug_macro   0x00015681       0x3d Drivers/STM32F3xx_HAL_Driver/Src/stm32f3xx_hal.o
 .debug_macro   0x000156be       0x16 Drivers/STM32F3xx_HAL_Driver/Src/stm32f3xx_hal.o
 .debug_macro   0x000156d4      0x16f Drivers/STM32F3xx_HAL_Driver/Src/stm32f3xx_hal.o
 .debug_macro   0x00015843       0x49 Drivers/STM32F3xx_HAL_Driver/Src/stm32f3xx_hal.o
 .debug_macro   0x0001588c      0x968 Drivers/STM32F3xx_HAL_Driver/Src/stm32f3xx_hal.o
 .debug_macro   0x000161f4      0x5fe Drivers/STM32F3xx_HAL_Driver/Src/stm32f3xx_hal.o
 .debug_macro   0x000167f2      0x13a Drivers/STM32F3xx_HAL_Driver/Src/stm32f3xx_hal.o
 .debug_macro   0x0001692c      0x1fb Drivers/STM32F3xx_HAL_Driver/Src/stm32f3xx_hal.o
 .debug_macro   0x00016b27      0x1bc Drivers/STM32F3xx_HAL_Driver/Src/stm32f3xx_hal.o
 .debug_macro   0x00016ce3       0x31 Drivers/STM32F3xx_HAL_Driver/Src/stm32f3xx_hal.o
 .debug_macro   0x00016d14       0x3c Drivers/STM32F3xx_HAL_Driver/Src/stm32f3xx_hal.o
 .debug_macro   0x00016d50      0x23a Drivers/STM32F3xx_HAL_Driver/Src/stm32f3xx_hal.o
 .debug_macro   0x00016f8a       0xcb Drivers/STM32F3xx_HAL_Driver/Src/stm32f3xx_hal.o
 .debug_macro   0x00017055      0x22b Drivers/STM32F3xx_HAL_Driver/Src/stm32f3xx_hal.o
 .debug_macro   0x00017280      0x209 Drivers/STM32F3xx_HAL_Driver/Src/stm32f3xx_hal.o
 .debug_macro   0x00017489       0x5b Drivers/STM32F3xx_HAL_Driver/Src/stm32f3xx_hal.o
 .debug_macro   0x000174e4       0x90 Drivers/STM32F3xx_HAL_Driver/Src/stm32f3xx_hal.o
 .debug_macro   0x00017574       0x82 Drivers/STM32F3xx_HAL_Driver/Src/stm32f3xx_hal.o
 .debug_macro   0x000175f6       0xd3 Drivers/STM32F3xx_HAL_Driver/Src/stm32f3xx_hal.o
 .debug_macro   0x000176c9      0x2e9 Drivers/STM32F3xx_HAL_Driver/Src/stm32f3xx_hal.o
 .debug_macro   0x000179b2      0x6af Drivers/STM32F3xx_HAL_Driver/Src/stm32f3xx_hal.o
 .debug_macro   0x00018061      0x38a Drivers/STM32F3xx_HAL_Driver/Src/stm32f3xx_hal.o
 .debug_macro   0x000183eb      0x277 Drivers/STM32F3xx_HAL_Driver/Src/stm32f3xx_hal.o
 .debug_macro   0x00018662      0x313 Drivers/STM32F3xx_HAL_Driver/Src/stm32f3xx_hal_cortex.o
 .debug_macro   0x00018975      0x34b Drivers/STM32F3xx_HAL_Driver/Src/stm32f3xx_hal_gpio.o
 .debug_macro   0x00018cc0      0x337 Drivers/STM32F3xx_HAL_Driver/Src/stm32f3xx_hal_rcc.o
 .debug_macro   0x00018ff7      0x31b Drivers/STM32F3xx_HAL_Driver/Src/stm32f3xx_hal_spi.o
 .debug_macro   0x00019312      0x313 Drivers/STM32F3xx_HAL_Driver/Src/stm32f3xx_hal_tim.o
 .debug_macro   0x00019625      0x31f Drivers/STM32F3xx_HAL_Driver/Src/stm32f3xx_hal_tim_ex.o
 .debug_macro   0x00019944      0x32b Src/CANSPI.o
 .debug_macro   0x00019c6f       0x10 Src/CANSPI.o
 .debug_macro   0x00019c7f      0x1ba Src/CANSPI.o
 .debug_macro   0x00019e39      0x343 Src/MCP2515.o
 .debug_macro   0x0001a17c      0x1b4 Src/MCP2515.o
 .debug_macro   0x0001a330       0x16 Src/MCP2515.o
 .debug_macro   0x0001a346      0x341 Src/main.o
 .debug_macro   0x0001a687      0x31d Src/stm32f3xx_hal_msp.o
 .debug_macro   0x0001a9a4      0x34b Src/stm32f3xx_it.o
 .debug_macro   0x0001acef      0x319 Src/system_stm32f3xx.o
 .debug_macro   0x0001b008      0x344 Src/user_main.o
 .debug_macro   0x0001b34c      0xb38 Src/user_main.o
 .debug_macro   0x0001be84       0x1c Src/user_main.o
 .debug_macro   0x0001bea0      0xe66 Src/user_main.o
 .debug_macro   0x0001cd06       0x34 Src/user_main.o
 .debug_macro   0x0001cd3a       0x97 Src/user_main.o
 .debug_macro   0x0001cdd1      0x353 Src/user_main.o
 .debug_macro   0x0001d124      0x104 Src/user_main.o
 .debug_macro   0x0001d228       0x43 Src/user_main.o
 .debug_macro   0x0001d26b      0x137 Src/user_main.o

.debug_line     0x00000000     0xa50a
 .debug_line    0x00000000      0x9cc Drivers/STM32F3xx_HAL_Driver/Src/stm32f3xx_hal.o
 .debug_line    0x000009cc      0xa19 Drivers/STM32F3xx_HAL_Driver/Src/stm32f3xx_hal_cortex.o
 .debug_line    0x000013e5      0x95a Drivers/STM32F3xx_HAL_Driver/Src/stm32f3xx_hal_gpio.o
 .debug_line    0x00001d3f      0xce2 Drivers/STM32F3xx_HAL_Driver/Src/stm32f3xx_hal_rcc.o
 .debug_line    0x00002a21     0x1328 Drivers/STM32F3xx_HAL_Driver/Src/stm32f3xx_hal_spi.o
 .debug_line    0x00003d49     0x19d0 Drivers/STM32F3xx_HAL_Driver/Src/stm32f3xx_hal_tim.o
 .debug_line    0x00005719      0xf5a Drivers/STM32F3xx_HAL_Driver/Src/stm32f3xx_hal_tim_ex.o
 .debug_line    0x00006673      0x94e Src/CANSPI.o
 .debug_line    0x00006fc1      0x988 Src/MCP2515.o
 .debug_line    0x00007949      0x8ce Src/main.o
 .debug_line    0x00008217      0x85e Src/stm32f3xx_hal_msp.o
 .debug_line    0x00008a75      0x8c2 Src/stm32f3xx_it.o
 .debug_line    0x00009337      0x81f Src/system_stm32f3xx.o
 .debug_line    0x00009b56      0x935 Src/user_main.o
 .debug_line    0x0000a48b       0x7f startup/startup_stm32f303xc.o

.debug_str      0x00000000    0x96ecf
 .debug_str     0x00000000    0x92b83 Drivers/STM32F3xx_HAL_Driver/Src/stm32f3xx_hal.o
                              0x92f0c (size before relaxing)
 .debug_str     0x00092b83      0x3e7 Drivers/STM32F3xx_HAL_Driver/Src/stm32f3xx_hal_cortex.o
                              0x92fcc (size before relaxing)
 .debug_str     0x00092f6a      0x298 Drivers/STM32F3xx_HAL_Driver/Src/stm32f3xx_hal_gpio.o
                              0x929a4 (size before relaxing)
 .debug_str     0x00093202      0x402 Drivers/STM32F3xx_HAL_Driver/Src/stm32f3xx_hal_rcc.o
                              0x92bae (size before relaxing)
 .debug_str     0x00093604      0x8a8 Drivers/STM32F3xx_HAL_Driver/Src/stm32f3xx_hal_spi.o
                              0x93015 (size before relaxing)
 .debug_str     0x00093eac      0xf82 Drivers/STM32F3xx_HAL_Driver/Src/stm32f3xx_hal_tim.o
                              0x93853 (size before relaxing)
 .debug_str     0x00094e2e      0x5ce Drivers/STM32F3xx_HAL_Driver/Src/stm32f3xx_hal_tim_ex.o
                              0x932b9 (size before relaxing)
 .debug_str     0x000953fc      0xcb7 Src/CANSPI.o
                              0x932ee (size before relaxing)
 .debug_str     0x000960b3      0x138 Src/MCP2515.o
                              0x9335b (size before relaxing)
 .debug_str     0x000961eb       0x9e Src/main.o
                              0x936b7 (size before relaxing)
 .debug_str     0x00096289       0x25 Src/stm32f3xx_hal_msp.o
                              0x931d1 (size before relaxing)
 .debug_str     0x000962ae       0xd2 Src/stm32f3xx_it.o
                              0x93172 (size before relaxing)
 .debug_str     0x00096380       0x6e Src/system_stm32f3xx.o
                              0x92747 (size before relaxing)
 .debug_str     0x000963ee      0xab2 Src/user_main.o
                              0x93916 (size before relaxing)
 .debug_str     0x00096ea0       0x2f startup/startup_stm32f303xc.o
                                 0x72 (size before relaxing)

.comment        0x00000000       0x7f
 .comment       0x00000000       0x7f Drivers/STM32F3xx_HAL_Driver/Src/stm32f3xx_hal.o
                                 0x80 (size before relaxing)
 .comment       0x0000007f       0x80 Drivers/STM32F3xx_HAL_Driver/Src/stm32f3xx_hal_cortex.o
 .comment       0x0000007f       0x80 Drivers/STM32F3xx_HAL_Driver/Src/stm32f3xx_hal_gpio.o
 .comment       0x0000007f       0x80 Drivers/STM32F3xx_HAL_Driver/Src/stm32f3xx_hal_rcc.o
 .comment       0x0000007f       0x80 Drivers/STM32F3xx_HAL_Driver/Src/stm32f3xx_hal_spi.o
 .comment       0x0000007f       0x80 Drivers/STM32F3xx_HAL_Driver/Src/stm32f3xx_hal_tim.o
 .comment       0x0000007f       0x80 Drivers/STM32F3xx_HAL_Driver/Src/stm32f3xx_hal_tim_ex.o
 .comment       0x0000007f       0x80 Src/CANSPI.o
 .comment       0x0000007f       0x80 Src/MCP2515.o
 .comment       0x0000007f       0x80 Src/main.o
 .comment       0x0000007f       0x80 Src/stm32f3xx_hal_msp.o
 .comment       0x0000007f       0x80 Src/stm32f3xx_it.o
 .comment       0x0000007f       0x80 Src/system_stm32f3xx.o
 .comment       0x0000007f       0x80 Src/user_main.o

.debug_frame    0x00000000     0x2144
 .debug_frame   0x00000000      0x1cc Drivers/STM32F3xx_HAL_Driver/Src/stm32f3xx_hal.o
 .debug_frame   0x000001cc      0x15c Drivers/STM32F3xx_HAL_Driver/Src/stm32f3xx_hal_cortex.o
 .debug_frame   0x00000328       0xec Drivers/STM32F3xx_HAL_Driver/Src/stm32f3xx_hal_gpio.o
 .debug_frame   0x00000414      0x178 Drivers/STM32F3xx_HAL_Driver/Src/stm32f3xx_hal_rcc.o
 .debug_frame   0x0000058c      0x5b4 Drivers/STM32F3xx_HAL_Driver/Src/stm32f3xx_hal_spi.o
 .debug_frame   0x00000b40      0xa18 Drivers/STM32F3xx_HAL_Driver/Src/stm32f3xx_hal_tim.o
 .debug_frame   0x00001558      0x450 Drivers/STM32F3xx_HAL_Driver/Src/stm32f3xx_hal_tim_ex.o
 .debug_frame   0x000019a8      0x124 Src/CANSPI.o
 .debug_frame   0x00001acc      0x1fc Src/MCP2515.o
 .debug_frame   0x00001cc8       0xb8 Src/main.o
 .debug_frame   0x00001d80       0x94 Src/stm32f3xx_hal_msp.o
 .debug_frame   0x00001e14       0xc0 Src/stm32f3xx_it.o
 .debug_frame   0x00001ed4       0x30 Src/system_stm32f3xx.o
 .debug_frame   0x00001f04      0x124 Src/user_main.o
 .debug_frame   0x00002028       0xac d:/programs/stm32/systemworkbench/plugins/fr.ac6.mcu.externaltools.arm-none.win32_1.17.0.201812190825/tools/compiler/bin/../lib/gcc/arm-none-eabi/7.3.1/thumb/v7e-m/fpv4-sp/hard\libgcc.a(_arm_addsubdf3.o)
 .debug_frame   0x000020d4       0x24 d:/programs/stm32/systemworkbench/plugins/fr.ac6.mcu.externaltools.arm-none.win32_1.17.0.201812190825/tools/compiler/bin/../lib/gcc/arm-none-eabi/7.3.1/thumb/v7e-m/fpv4-sp/hard\libgcc.a(_arm_fixdfsi.o)
 .debug_frame   0x000020f8       0x2c d:/programs/stm32/systemworkbench/plugins/fr.ac6.mcu.externaltools.arm-none.win32_1.17.0.201812190825/tools/compiler/bin/../lib/gcc/arm-none-eabi/7.3.1/../../../../arm-none-eabi/lib/thumb/v7e-m/fpv4-sp/hard\libc_nano.a(lib_a-init.o)
 .debug_frame   0x00002124       0x20 d:/programs/stm32/systemworkbench/plugins/fr.ac6.mcu.externaltools.arm-none.win32_1.17.0.201812190825/tools/compiler/bin/../lib/gcc/arm-none-eabi/7.3.1/../../../../arm-none-eabi/lib/thumb/v7e-m/fpv4-sp/hard\libc_nano.a(lib_a-memset.o)
